***** Asynchronous *****
al = 5.129928e+00 5.129928e+00 5.129928e+00
lc = 2 2 2
rc = 2.564964e+00 2.564964e+00 2.564964e+00
nglob = 1728
CPU & COMT = 5.005926e-01 1.278336e-01
***** Synchronous *****
al = 5.129928e+00 5.129928e+00 5.129928e+00
lc = 2 2 2
rc = 2.564964e+00 2.564964e+00 2.564964e+00
nglob = 1728
CPU & COMT = 5.529112e-01 1.656170e-01
***** Asynchronous *****
al = 5.129928e+00 5.129928e+00 5.129928e+00
lc = 2 2 2
rc = 2.564964e+00 2.564964e+00 2.564964e+00
nglob = 1728
CPU & COMT = 4.981113e-01 1.237926e-01
***** Synchronous *****
al = 5.129928e+00 5.129928e+00 5.129928e+00
lc = 2 2 2
rc = 2.564964e+00 2.564964e+00 2.564964e+00
nglob = 1728
CPU & COMT = 5.710159e-01 1.669194e-01
***** Asynchronous *****
al = 5.129928e+00 5.129928e+00 5.129928e+00
lc = 2 2 2
rc = 2.564964e+00 2.564964e+00 2.564964e+00
nglob = 1728
CPU & COMT = 5.005084e-01 1.263087e-01
***** Synchronous *****
al = 5.129928e+00 5.129928e+00 5.129928e+00
lc = 2 2 2
rc = 2.564964e+00 2.564964e+00 2.564964e+00
nglob = 1728
CPU & COMT = 5.512776e-01 1.661301e-01
